DoS
Fuzzers
Generic
Reconnaissance
Generic
Backdoor